// Jest Snapshot v1, https://goo.gl/fbAQLP

exports[`generateQRCode 1`] = `
Object {
  "svg": "<svg xmlns=\\"http://www.w3.org/2000/svg\\" xmlns:xlink=\\"http://www.w3.org/1999/xlink\\" version=\\"1.1\\" shape-rendering=\\"crispEdges\\" viewBox=\\"0 0 23 23\\"><rect x=\\"0\\" y=\\"0\\" height=\\"23\\" width=\\"23\\" fill=\\"#FFF\\"/><rect x=\\"1\\" y=\\"1\\" height=\\"1\\" width=\\"7\\" fill=\\"#000\\"/><rect x=\\"10\\" y=\\"1\\" height=\\"1\\" width=\\"1\\" fill=\\"#000\\"/><rect x=\\"13\\" y=\\"1\\" height=\\"1\\" width=\\"1\\" fill=\\"#000\\"/><rect x=\\"15\\" y=\\"1\\" height=\\"1\\" width=\\"7\\" fill=\\"#000\\"/><rect x=\\"1\\" y=\\"2\\" height=\\"6\\" width=\\"1\\" fill=\\"#000\\"/><rect x=\\"7\\" y=\\"2\\" height=\\"6\\" width=\\"1\\" fill=\\"#000\\"/><rect x=\\"9\\" y=\\"2\\" height=\\"1\\" width=\\"1\\" fill=\\"#000\\"/><rect x=\\"12\\" y=\\"2\\" height=\\"1\\" width=\\"1\\" fill=\\"#000\\"/><rect x=\\"15\\" y=\\"2\\" height=\\"6\\" width=\\"1\\" fill=\\"#000\\"/><rect x=\\"21\\" y=\\"2\\" height=\\"6\\" width=\\"1\\" fill=\\"#000\\"/><rect x=\\"3\\" y=\\"3\\" height=\\"3\\" width=\\"3\\" fill=\\"#000\\"/><rect x=\\"10\\" y=\\"3\\" height=\\"1\\" width=\\"1\\" fill=\\"#000\\"/><rect x=\\"17\\" y=\\"3\\" height=\\"3\\" width=\\"3\\" fill=\\"#000\\"/><rect x=\\"9\\" y=\\"4\\" height=\\"1\\" width=\\"1\\" fill=\\"#000\\"/><rect x=\\"12\\" y=\\"4\\" height=\\"2\\" width=\\"1\\" fill=\\"#000\\"/><rect x=\\"11\\" y=\\"5\\" height=\\"4\\" width=\\"1\\" fill=\\"#000\\"/><rect x=\\"13\\" y=\\"5\\" height=\\"6\\" width=\\"1\\" fill=\\"#000\\"/><rect x=\\"9\\" y=\\"6\\" height=\\"1\\" width=\\"2\\" fill=\\"#000\\"/><rect x=\\"2\\" y=\\"7\\" height=\\"1\\" width=\\"5\\" fill=\\"#000\\"/><rect x=\\"9\\" y=\\"7\\" height=\\"1\\" width=\\"1\\" fill=\\"#000\\"/><rect x=\\"16\\" y=\\"7\\" height=\\"1\\" width=\\"5\\" fill=\\"#000\\"/><rect x=\\"12\\" y=\\"8\\" height=\\"1\\" width=\\"1\\" fill=\\"#000\\"/><rect x=\\"1\\" y=\\"9\\" height=\\"1\\" width=\\"5\\" fill=\\"#000\\"/><rect x=\\"7\\" y=\\"9\\" height=\\"1\\" width=\\"4\\" fill=\\"#000\\"/><rect x=\\"14\\" y=\\"9\\" height=\\"1\\" width=\\"1\\" fill=\\"#000\\"/><rect x=\\"16\\" y=\\"9\\" height=\\"2\\" width=\\"1\\" fill=\\"#000\\"/><rect x=\\"18\\" y=\\"9\\" height=\\"1\\" width=\\"1\\" fill=\\"#000\\"/><rect x=\\"20\\" y=\\"9\\" height=\\"1\\" width=\\"1\\" fill=\\"#000\\"/><rect x=\\"2\\" y=\\"10\\" height=\\"1\\" width=\\"2\\" fill=\\"#000\\"/><rect x=\\"8\\" y=\\"10\\" height=\\"1\\" width=\\"2\\" fill=\\"#000\\"/><rect x=\\"11\\" y=\\"10\\" height=\\"3\\" width=\\"1\\" fill=\\"#000\\"/><rect x=\\"19\\" y=\\"10\\" height=\\"4\\" width=\\"1\\" fill=\\"#000\\"/><rect x=\\"4\\" y=\\"11\\" height=\\"1\\" width=\\"1\\" fill=\\"#000\\"/><rect x=\\"7\\" y=\\"11\\" height=\\"1\\" width=\\"1\\" fill=\\"#000\\"/><rect x=\\"9\\" y=\\"11\\" height=\\"1\\" width=\\"1\\" fill=\\"#000\\"/><rect x=\\"12\\" y=\\"11\\" height=\\"1\\" width=\\"1\\" fill=\\"#000\\"/><rect x=\\"14\\" y=\\"11\\" height=\\"1\\" width=\\"1\\" fill=\\"#000\\"/><rect x=\\"17\\" y=\\"11\\" height=\\"1\\" width=\\"2\\" fill=\\"#000\\"/><rect x=\\"20\\" y=\\"11\\" height=\\"1\\" width=\\"2\\" fill=\\"#000\\"/><rect x=\\"1\\" y=\\"12\\" height=\\"2\\" width=\\"1\\" fill=\\"#000\\"/><rect x=\\"5\\" y=\\"12\\" height=\\"1\\" width=\\"1\\" fill=\\"#000\\"/><rect x=\\"10\\" y=\\"12\\" height=\\"1\\" width=\\"1\\" fill=\\"#000\\"/><rect x=\\"16\\" y=\\"12\\" height=\\"1\\" width=\\"2\\" fill=\\"#000\\"/><rect x=\\"21\\" y=\\"12\\" height=\\"2\\" width=\\"1\\" fill=\\"#000\\"/><rect x=\\"2\\" y=\\"13\\" height=\\"1\\" width=\\"2\\" fill=\\"#000\\"/><rect x=\\"6\\" y=\\"13\\" height=\\"1\\" width=\\"4\\" fill=\\"#000\\"/><rect x=\\"12\\" y=\\"13\\" height=\\"2\\" width=\\"1\\" fill=\\"#000\\"/><rect x=\\"14\\" y=\\"13\\" height=\\"2\\" width=\\"1\\" fill=\\"#000\\"/><rect x=\\"17\\" y=\\"13\\" height=\\"1\\" width=\\"2\\" fill=\\"#000\\"/><rect x=\\"20\\" y=\\"13\\" height=\\"1\\" width=\\"1\\" fill=\\"#000\\"/><rect x=\\"9\\" y=\\"14\\" height=\\"2\\" width=\\"3\\" fill=\\"#000\\"/><rect x=\\"13\\" y=\\"14\\" height=\\"5\\" width=\\"1\\" fill=\\"#000\\"/><rect x=\\"15\\" y=\\"14\\" height=\\"3\\" width=\\"1\\" fill=\\"#000\\"/><rect x=\\"18\\" y=\\"14\\" height=\\"1\\" width=\\"1\\" fill=\\"#000\\"/><rect x=\\"1\\" y=\\"15\\" height=\\"1\\" width=\\"7\\" fill=\\"#000\\"/><rect x=\\"16\\" y=\\"15\\" height=\\"1\\" width=\\"1\\" fill=\\"#000\\"/><rect x=\\"1\\" y=\\"16\\" height=\\"6\\" width=\\"1\\" fill=\\"#000\\"/><rect x=\\"7\\" y=\\"16\\" height=\\"6\\" width=\\"1\\" fill=\\"#000\\"/><rect x=\\"10\\" y=\\"16\\" height=\\"1\\" width=\\"3\\" fill=\\"#000\\"/><rect x=\\"14\\" y=\\"16\\" height=\\"1\\" width=\\"1\\" fill=\\"#000\\"/><rect x=\\"18\\" y=\\"16\\" height=\\"1\\" width=\\"1\\" fill=\\"#000\\"/><rect x=\\"3\\" y=\\"17\\" height=\\"3\\" width=\\"3\\" fill=\\"#000\\"/><rect x=\\"9\\" y=\\"17\\" height=\\"1\\" width=\\"3\\" fill=\\"#000\\"/><rect x=\\"16\\" y=\\"17\\" height=\\"2\\" width=\\"1\\" fill=\\"#000\\"/><rect x=\\"19\\" y=\\"17\\" height=\\"5\\" width=\\"1\\" fill=\\"#000\\"/><rect x=\\"9\\" y=\\"18\\" height=\\"3\\" width=\\"2\\" fill=\\"#000\\"/><rect x=\\"12\\" y=\\"19\\" height=\\"1\\" width=\\"1\\" fill=\\"#000\\"/><rect x=\\"14\\" y=\\"19\\" height=\\"1\\" width=\\"1\\" fill=\\"#000\\"/><rect x=\\"17\\" y=\\"19\\" height=\\"1\\" width=\\"2\\" fill=\\"#000\\"/><rect x=\\"16\\" y=\\"20\\" height=\\"1\\" width=\\"2\\" fill=\\"#000\\"/><rect x=\\"2\\" y=\\"21\\" height=\\"1\\" width=\\"5\\" fill=\\"#000\\"/><rect x=\\"9\\" y=\\"21\\" height=\\"1\\" width=\\"1\\" fill=\\"#000\\"/><rect x=\\"11\\" y=\\"21\\" height=\\"1\\" width=\\"2\\" fill=\\"#000\\"/><rect x=\\"14\\" y=\\"21\\" height=\\"1\\" width=\\"1\\" fill=\\"#000\\"/><rect x=\\"17\\" y=\\"21\\" height=\\"1\\" width=\\"2\\" fill=\\"#000\\"/><rect x=\\"20\\" y=\\"21\\" height=\\"1\\" width=\\"1\\" fill=\\"#000\\"/></svg>",
  "url": "http://localhost:3228/?data=eyJmb28iOiJiYXIifQ==",
}
`;
